#-----------------------------------------------------------
# Vivado v2022.1 (64-bit)
# SW Build 3526262 on Mon Apr 18 15:48:16 MDT 2022
# IP Build 3524634 on Mon Apr 18 20:55:01 MDT 2022
# Start of session at: Tue Nov  1 22:53:09 2022
# Process ID: 104080
# Current directory: C:/ece4743/Lab7/lab7_p3_files
# Command line: vivado.exe -gui_launcher_event rodinguilauncherevent101568 C:\ece4743\Lab7\lab7_p3_files\empty_template.xpr
# Log file: C:/ece4743/Lab7/lab7_p3_files/vivado.log
# Journal file: C:/ece4743/Lab7/lab7_p3_files\vivado.jou
# Running On: Lenovo-9i-Joe-Laptop, OS: Windows, CPU Frequency: 2995 MHz, CPU Physical cores: 4, Host memory: 16901 MB
#-----------------------------------------------------------
start_gui
open_project C:/ece4743/Lab7/lab7_p3_files/empty_template.xpr
update_compile_order -fileset sources_1
export_ip_user_files -of_objects  [get_files {{C:/Users/jpcok/Desktop/School Docs/Junior_1/Digital_System_Design/github files/lab1/empty_template.srcs/sources_1/new/p2.v}}] -no_script -reset -force -quiet
remove_files  {{C:/Users/jpcok/Desktop/School Docs/Junior_1/Digital_System_Design/github files/lab1/empty_template.srcs/sources_1/new/p2.v}}
export_ip_user_files -of_objects  [get_files {{C:/Users/jpcok/Desktop/School Docs/Junior_1/Digital_System_Design/github files/lab1/empty_template.srcs/sim_1/new/p2_tb.v}}] -no_script -reset -force -quiet
remove_files  -fileset sim_1 {{C:/Users/jpcok/Desktop/School Docs/Junior_1/Digital_System_Design/github files/lab1/empty_template.srcs/sim_1/new/p2_tb.v}}
add_files -norecurse {C:/ece4743/Lab7/lab7_p3_files/timer32.v C:/ece4743/Lab7/lab7_p3_files/timer_p3.v}
add_files -fileset constrs_1 -norecurse C:/ece4743/Lab7/lab7_p3_files/Basys3_Master.xdc
create_ip -name clk_wiz -vendor xilinx.com -library ip -version 6.0 -module_name clk_wiz
set_property -dict [list CONFIG.Component_Name {clk_wiz} CONFIG.CLKOUT1_REQUESTED_OUT_FREQ {50} CONFIG.USE_LOCKED {false} CONFIG.USE_RESET {false} CONFIG.MMCM_CLKOUT0_DIVIDE_F {20.000} CONFIG.CLKOUT1_JITTER {151.636}] [get_ips clk_wiz]
generate_target {instantiation_template} [get_files c:/ece4743/Lab7/lab7_p3_files/empty_template.srcs/sources_1/ip/clk_wiz/clk_wiz.xci]
update_compile_order -fileset sources_1
generate_target all [get_files  c:/ece4743/Lab7/lab7_p3_files/empty_template.srcs/sources_1/ip/clk_wiz/clk_wiz.xci]
export_ip_user_files -of_objects [get_files c:/ece4743/Lab7/lab7_p3_files/empty_template.srcs/sources_1/ip/clk_wiz/clk_wiz.xci] -no_script -sync -force -quiet
create_ip_run [get_files -of_objects [get_fileset sources_1] c:/ece4743/Lab7/lab7_p3_files/empty_template.srcs/sources_1/ip/clk_wiz/clk_wiz.xci]
launch_runs clk_wiz_synth_1 -jobs 4
wait_on_run clk_wiz_synth_1
export_simulation -of_objects [get_files c:/ece4743/Lab7/lab7_p3_files/empty_template.srcs/sources_1/ip/clk_wiz/clk_wiz.xci] -directory {C:/Users/jpcok/Desktop/School Docs/Junior_1/Digital_System_Design/vivado_2016/empty_template/empty_template.ip_user_files/sim_scripts} -ip_user_files_dir {C:/Users/jpcok/Desktop/School Docs/Junior_1/Digital_System_Design/vivado_2016/empty_template/empty_template.ip_user_files} -ipstatic_source_dir C:/ece4743/Lab7/lab7_p3_files/empty_template.ip_user_files/ipstatic -lib_map_path [list {modelsim=C:/ece4743/Lab7/lab7_p3_files/empty_template.cache/compile_simlib/modelsim} {questa=C:/ece4743/Lab7/lab7_p3_files/empty_template.cache/compile_simlib/questa} {riviera=C:/ece4743/Lab7/lab7_p3_files/empty_template.cache/compile_simlib/riviera} {activehdl=C:/ece4743/Lab7/lab7_p3_files/empty_template.cache/compile_simlib/activehdl}] -use_ip_compiled_libs -force -quiet
launch_runs synth_1 -jobs 4
wait_on_run synth_1
launch_runs impl_1 -jobs 4
wait_on_run impl_1
open_run impl_1
launch_runs impl_1 -to_step write_bitstream -jobs 4
wait_on_run impl_1
open_hw_manager
connect_hw_server -allow_non_jtag
open_hw_target
set_property PROGRAM.FILE {C:/ece4743/Lab7/lab7_p3_files/empty_template.runs/impl_1/timertop.bit} [get_hw_devices xc7a35t_0]
current_hw_device [get_hw_devices xc7a35t_0]
refresh_hw_device -update_hw_probes false [lindex [get_hw_devices xc7a35t_0] 0]
set_property PROBES.FILE {} [get_hw_devices xc7a35t_0]
set_property FULL_PROBES.FILE {} [get_hw_devices xc7a35t_0]
set_property PROGRAM.FILE {C:/ece4743/Lab7/lab7_p3_files/empty_template.runs/impl_1/timertop.bit} [get_hw_devices xc7a35t_0]
program_hw_devices [get_hw_devices xc7a35t_0]
refresh_hw_device [lindex [get_hw_devices xc7a35t_0] 0]
set_property PROBES.FILE {} [get_hw_devices xc7a35t_0]
set_property FULL_PROBES.FILE {} [get_hw_devices xc7a35t_0]
set_property PROGRAM.FILE {C:/ece4743/Lab7/lab7_p3_files/empty_template.runs/impl_1/timertop.bit} [get_hw_devices xc7a35t_0]
program_hw_devices [get_hw_devices xc7a35t_0]
refresh_hw_device [lindex [get_hw_devices xc7a35t_0] 0]
close_hw_manager
reset_run synth_1
launch_runs impl_1 -jobs 4
wait_on_run impl_1
import_files -fileset utils_1 {{C:/Users/jpcok/Desktop/School Docs/Junior_1/Digital_System_Design/github files/lab1/empty_template.srcs/utils_1/imports/synth_1/timertop.dcp}}
reset_run synth_1
launch_runs impl_1 -jobs 4
wait_on_run impl_1
launch_runs impl_1 -to_step write_bitstream -jobs 4
wait_on_run impl_1
open_hw_manager
connect_hw_server -allow_non_jtag
open_hw_target
set_property PROGRAM.FILE {C:/ece4743/Lab7/lab7_p3_files/empty_template.runs/impl_1/timertop.bit} [get_hw_devices xc7a35t_0]
current_hw_device [get_hw_devices xc7a35t_0]
refresh_hw_device -update_hw_probes false [lindex [get_hw_devices xc7a35t_0] 0]
set_property PROBES.FILE {} [get_hw_devices xc7a35t_0]
set_property FULL_PROBES.FILE {} [get_hw_devices xc7a35t_0]
set_property PROGRAM.FILE {C:/ece4743/Lab7/lab7_p3_files/empty_template.runs/impl_1/timertop.bit} [get_hw_devices xc7a35t_0]
program_hw_devices [get_hw_devices xc7a35t_0]
refresh_hw_device [lindex [get_hw_devices xc7a35t_0] 0]
undo
undo
undo
undo
close_hw_manager
reset_run synth_1
launch_runs synth_1 -jobs 4
wait_on_run synth_1
launch_runs impl_1 -jobs 4
wait_on_run impl_1
launch_runs impl_1 -to_step write_bitstream -jobs 4
wait_on_run impl_1
open_hw_manager
connect_hw_server -allow_non_jtag
open_hw_target
set_property PROGRAM.FILE {C:/ece4743/Lab7/lab7_p3_files/empty_template.runs/impl_1/timertop.bit} [get_hw_devices xc7a35t_0]
current_hw_device [get_hw_devices xc7a35t_0]
refresh_hw_device -update_hw_probes false [lindex [get_hw_devices xc7a35t_0] 0]
set_property PROBES.FILE {} [get_hw_devices xc7a35t_0]
set_property FULL_PROBES.FILE {} [get_hw_devices xc7a35t_0]
set_property PROGRAM.FILE {C:/ece4743/Lab7/lab7_p3_files/empty_template.runs/impl_1/timertop.bit} [get_hw_devices xc7a35t_0]
program_hw_devices [get_hw_devices xc7a35t_0]
refresh_hw_device [lindex [get_hw_devices xc7a35t_0] 0]
reset_run synth_1
launch_runs synth_1 -jobs 4
wait_on_run synth_1
launch_runs impl_1 -jobs 4
wait_on_run impl_1
launch_runs impl_1 -to_step write_bitstream -jobs 4
wait_on_run impl_1
set_property PROBES.FILE {} [get_hw_devices xc7a35t_0]
set_property FULL_PROBES.FILE {} [get_hw_devices xc7a35t_0]
set_property PROGRAM.FILE {C:/ece4743/Lab7/lab7_p3_files/empty_template.runs/impl_1/timertop.bit} [get_hw_devices xc7a35t_0]
program_hw_devices [get_hw_devices xc7a35t_0]
refresh_hw_device [lindex [get_hw_devices xc7a35t_0] 0]
undo
undo
close_hw_manager
reset_run synth_1
launch_runs synth_1 -jobs 4
wait_on_run synth_1
reset_run synth_1
launch_runs synth_1 -jobs 4
wait_on_run synth_1
reset_run synth_1
launch_runs synth_1 -jobs 4
wait_on_run synth_1
