#-----------------------------------------------------------
# Vivado v2022.1 (64-bit)
# SW Build 3526262 on Mon Apr 18 15:48:16 MDT 2022
# IP Build 3524634 on Mon Apr 18 20:55:01 MDT 2022
# Start of session at: Fri Nov 11 11:53:28 2022
# Process ID: 12792
# Current directory: C:/ece4743/lab8
# Command line: vivado.exe -gui_launcher_event rodinguilauncherevent184 C:\ece4743\lab8\empty_template.xpr
# Log file: C:/ece4743/lab8/vivado.log
# Journal file: C:/ece4743/lab8\vivado.jou
# Running On: Lenovo-9i-Joe-Laptop, OS: Windows, CPU Frequency: 2995 MHz, CPU Physical cores: 4, Host memory: 16901 MB
#-----------------------------------------------------------
start_gui
open_project C:/ece4743/lab8/empty_template.xpr
update_compile_order -fileset sources_1
launch_simulation
launch_runs synth_1 -jobs 4
wait_on_run synth_1
launch_simulation
source tb_fifo.tcl
run 100 ns
run 10 us
reset_run synth_1
launch_runs synth_1 -jobs 4
wait_on_run synth_1
import_files -fileset utils_1 {{C:/Users/jpcok/Desktop/School Docs/Junior_1/Digital_System_Design/github files/lab1/empty_template.srcs/utils_1/imports/synth_1/fifo.dcp}}
reset_run synth_1
launch_runs synth_1 -jobs 4
wait_on_run synth_1
close_sim
launch_simulation
source tb_fifo.tcl
run 3 us
reset_run synth_1
launch_runs synth_1 -jobs 4
wait_on_run synth_1
close_sim
launch_simulation
source tb_fifo.tcl
run 3 us
reset_run synth_1
launch_runs synth_1 -jobs 4
wait_on_run synth_1
reset_run synth_1
launch_runs synth_1 -jobs 4
wait_on_run synth_1
close_sim
launch_simulation
source tb_fifo.tcl
run 3 us
reset_run synth_1
launch_runs synth_1 -jobs 4
wait_on_run synth_1
close_sim
launch_simulation
source tb_fifo.tcl
run 3 us
reset_run synth_1
launch_runs synth_1 -jobs 4
wait_on_run synth_1
close_sim
launch_simulation
source tb_fifo.tcl
run 10 us
reset_run synth_1
launch_runs synth_1 -jobs 4
wait_on_run synth_1
close_sim
launch_simulation
reset_run synth_1
launch_runs synth_1 -jobs 4
wait_on_run synth_1
launch_simulation
source tb_fifo.tcl
run 3 us
reset_run synth_1
launch_runs synth_1 -jobs 4
wait_on_run synth_1
close_sim
launch_simulation
source tb_fifo.tcl
run 3 us
reset_run synth_1
launch_runs synth_1 -jobs 4
wait_on_run synth_1
close_sim
launch_simulation
source tb_fifo.tcl
run 3 us
reset_run synth_1
launch_runs synth_1 -jobs 4
wait_on_run synth_1
close_sim
launch_simulation
source tb_fifo.tcl
run 3 us
reset_run synth_1
launch_runs synth_1 -jobs 4
wait_on_run synth_1
close_sim
launch_simulation
source tb_fifo.tcl
run 3 us
reset_run synth_1
launch_runs synth_1 -jobs 4
wait_on_run synth_1
close_sim
launch_simulation
source tb_fifo.tcl
run 3 us
reset_run synth_1
launch_runs synth_1 -jobs 4
wait_on_run synth_1
close_sim
launch_simulation
source tb_fifo.tcl
run 3 us
reset_run synth_1
launch_runs synth_1 -jobs 4
wait_on_run synth_1
close_sim
launch_simulation
source tb_fifo.tcl
run 3 us
reset_run synth_1
launch_runs synth_1 -jobs 4
wait_on_run synth_1
reset_run synth_1
launch_runs synth_1 -jobs 4
wait_on_run synth_1
close_sim
launch_simulation
source tb_fifo.tcl
run 3 us
reset_run synth_1
launch_runs synth_1 -jobs 4
wait_on_run synth_1
close_sim
launch_simulation
source tb_fifo.tcl
run 3 us
reset_run synth_1
launch_runs synth_1 -jobs 4
wait_on_run synth_1
close_sim
launch_simulation
source tb_fifo.tcl
run 3 us
launch_runs impl_1 -jobs 4
wait_on_run impl_1
open_run impl_1
launch_simulation -mode post-implementation -type timing
source tb_fifo.tcl
report_utilization -name utilization_1
close_sim
close_sim
